// Jest Snapshot v1, https://goo.gl/fbAQLP

exports[`AddProperty pressing button with no input renders alert component 1`] = `
<div
  className="AddProperty"
  onSubmit={[Function]}
>
  
  <form>
    <div
      className="addproperty__div"
    >
      <label
        className="addproperty__label"
        htmlFor="title"
      >
        title:
        <input
          id="title"
          name="title"
          onChange={[Function]}
          placeholder="John Doe"
          value=""
        />
      </label>
      <label
        className="addproperty__label"
        htmlFor="bedrooms"
      >
        bedrooms:
        <input
          id="bedrooms"
          name="bedrooms"
          onChange={[Function]}
          placeholder="1-10"
        />
      </label>
      <label
        className="addproperty__label"
        htmlFor="bathrooms"
      >
        bathrooms:
        <input
          id="bathrooms"
          name="bathrooms"
          onChange={[Function]}
          placeholder="1-10"
        />
      </label>
      <label
        className="addproperty__label"
        htmlFor="price"
      >
        price:
        <input
          id="price"
          name="price"
          onChange={[Function]}
          placeholder="0-2000000Â£"
        />
      </label>
      <label
        className="addproperty__label"
        htmlFor="email"
      >
        email:
        <input
          id="email"
          name="email"
          onChange={[Function]}
          placeholder="johndoe@email.com"
        />
      </label>
      <label
        className="addproperty__label"
        htmlFor="city"
      >
        city:
        <select
          id="city"
          name="city"
          onChange={[Function]}
          value="Manchester"
        >
          <option
            value="Manchester"
          >
            Manchester
          </option>
          <option
            value="Leeds"
          >
            Leeds
          </option>
          <option
            value="Sheffield"
          >
            Sheffield
          </option>
          <option
            value="Liverpool"
          >
            Liverpool
          </option>
        </select>
      </label>
      <label
        className="addproperty__label"
        htmlFor="type"
      >
        type:
        <select
          id="type"
          name="type"
          onChange={[Function]}
        >
          <option
            value="Flat"
          >
            Flat
          </option>
          <option
            value="Detached"
          >
            Detached
          </option>
          <option
            value="Semi-Detached"
          >
            Semi-Detached
          </option>
          <option
            value="End of Terrace"
          >
            End of Terrace
          </option>
          <option
            value="Cottage"
          >
            Cottage
          </option>
          <option
            value="Bungalow"
          >
            Bungalow
          </option>
        </select>
      </label>
      <button
        type="submit"
      >
        Add
      </button>
    </div>
  </form>
</div>
`;

exports[`AddProperty renders AddProperty Page 1`] = `[Function]`;
