// Jest Snapshot v1, https://goo.gl/fbAQLP

exports[`NavBar it renders a NavBar component 1`] = `[Function]`;
