// Jest Snapshot v1, https://goo.gl/fbAQLP

exports[`Property renders Property component 1`] = `[Function]`;
